Archive member included because of file (symbol)

c:/program files (x86)/atmel/atmel toolchain/avr8 gcc/native/3.4.1056/avr8-gnu-toolchain/bin/../lib/gcc/avr/4.8.1/../../../../avr/lib/avr51\libprintf_flt.a(vfprintf_flt.o)
                              (vfprintf)
c:/program files (x86)/atmel/atmel toolchain/avr8 gcc/native/3.4.1056/avr8-gnu-toolchain/bin/../lib/gcc/avr/4.8.1/avr51\libgcc.a(_udivmodhi4.o)
                              timer.o (__udivmodhi4)
c:/program files (x86)/atmel/atmel toolchain/avr8 gcc/native/3.4.1056/avr8-gnu-toolchain/bin/../lib/gcc/avr/4.8.1/avr51\libgcc.a(_divmodhi4.o)
                              ds18x20.o (__divmodhi4)
c:/program files (x86)/atmel/atmel toolchain/avr8 gcc/native/3.4.1056/avr8-gnu-toolchain/bin/../lib/gcc/avr/4.8.1/avr51\libgcc.a(_udivmodsi4.o)
                              usart.o (__udivmodsi4)
c:/program files (x86)/atmel/atmel toolchain/avr8 gcc/native/3.4.1056/avr8-gnu-toolchain/bin/../lib/gcc/avr/4.8.1/avr51\libgcc.a(_exit.o)
                              c:/program files (x86)/atmel/atmel toolchain/avr8 gcc/native/3.4.1056/avr8-gnu-toolchain/bin/../lib/gcc/avr/4.8.1/../../../../avr/lib/avr51/crtm1284p.o (exit)
c:/program files (x86)/atmel/atmel toolchain/avr8 gcc/native/3.4.1056/avr8-gnu-toolchain/bin/../lib/gcc/avr/4.8.1/avr51\libgcc.a(_copy_data.o)
                              dht.o (__do_copy_data)
c:/program files (x86)/atmel/atmel toolchain/avr8 gcc/native/3.4.1056/avr8-gnu-toolchain/bin/../lib/gcc/avr/4.8.1/avr51\libgcc.a(_clear_bss.o)
                              dht.o (__do_clear_bss)
c:/program files (x86)/atmel/atmel toolchain/avr8 gcc/native/3.4.1056/avr8-gnu-toolchain/bin/../lib/gcc/avr/4.8.1/../../../../avr/lib/avr51\libm.a(divsf3.o)
                              web.o (__divsf3)
c:/program files (x86)/atmel/atmel toolchain/avr8 gcc/native/3.4.1056/avr8-gnu-toolchain/bin/../lib/gcc/avr/4.8.1/../../../../avr/lib/avr51\libm.a(divsf3x.o)
                              c:/program files (x86)/atmel/atmel toolchain/avr8 gcc/native/3.4.1056/avr8-gnu-toolchain/bin/../lib/gcc/avr/4.8.1/../../../../avr/lib/avr51\libm.a(divsf3.o) (__divsf3x)
c:/program files (x86)/atmel/atmel toolchain/avr8 gcc/native/3.4.1056/avr8-gnu-toolchain/bin/../lib/gcc/avr/4.8.1/../../../../avr/lib/avr51\libm.a(floatsisf.o)
                              web.o (__floatunsisf)
c:/program files (x86)/atmel/atmel toolchain/avr8 gcc/native/3.4.1056/avr8-gnu-toolchain/bin/../lib/gcc/avr/4.8.1/../../../../avr/lib/avr51\libm.a(fp_inf.o)
                              c:/program files (x86)/atmel/atmel toolchain/avr8 gcc/native/3.4.1056/avr8-gnu-toolchain/bin/../lib/gcc/avr/4.8.1/../../../../avr/lib/avr51\libm.a(divsf3x.o) (__fp_inf)
c:/program files (x86)/atmel/atmel toolchain/avr8 gcc/native/3.4.1056/avr8-gnu-toolchain/bin/../lib/gcc/avr/4.8.1/../../../../avr/lib/avr51\libm.a(fp_nan.o)
                              c:/program files (x86)/atmel/atmel toolchain/avr8 gcc/native/3.4.1056/avr8-gnu-toolchain/bin/../lib/gcc/avr/4.8.1/../../../../avr/lib/avr51\libm.a(divsf3x.o) (__fp_nan)
c:/program files (x86)/atmel/atmel toolchain/avr8 gcc/native/3.4.1056/avr8-gnu-toolchain/bin/../lib/gcc/avr/4.8.1/../../../../avr/lib/avr51\libm.a(fp_pscA.o)
                              c:/program files (x86)/atmel/atmel toolchain/avr8 gcc/native/3.4.1056/avr8-gnu-toolchain/bin/../lib/gcc/avr/4.8.1/../../../../avr/lib/avr51\libm.a(divsf3x.o) (__fp_pscA)
c:/program files (x86)/atmel/atmel toolchain/avr8 gcc/native/3.4.1056/avr8-gnu-toolchain/bin/../lib/gcc/avr/4.8.1/../../../../avr/lib/avr51\libm.a(fp_pscB.o)
                              c:/program files (x86)/atmel/atmel toolchain/avr8 gcc/native/3.4.1056/avr8-gnu-toolchain/bin/../lib/gcc/avr/4.8.1/../../../../avr/lib/avr51\libm.a(divsf3x.o) (__fp_pscB)
c:/program files (x86)/atmel/atmel toolchain/avr8 gcc/native/3.4.1056/avr8-gnu-toolchain/bin/../lib/gcc/avr/4.8.1/../../../../avr/lib/avr51\libm.a(fp_round.o)
                              c:/program files (x86)/atmel/atmel toolchain/avr8 gcc/native/3.4.1056/avr8-gnu-toolchain/bin/../lib/gcc/avr/4.8.1/../../../../avr/lib/avr51\libm.a(divsf3.o) (__fp_round)
c:/program files (x86)/atmel/atmel toolchain/avr8 gcc/native/3.4.1056/avr8-gnu-toolchain/bin/../lib/gcc/avr/4.8.1/../../../../avr/lib/avr51\libm.a(fp_split3.o)
                              c:/program files (x86)/atmel/atmel toolchain/avr8 gcc/native/3.4.1056/avr8-gnu-toolchain/bin/../lib/gcc/avr/4.8.1/../../../../avr/lib/avr51\libm.a(divsf3x.o) (__fp_split3)
c:/program files (x86)/atmel/atmel toolchain/avr8 gcc/native/3.4.1056/avr8-gnu-toolchain/bin/../lib/gcc/avr/4.8.1/../../../../avr/lib/avr51\libm.a(fp_zero.o)
                              c:/program files (x86)/atmel/atmel toolchain/avr8 gcc/native/3.4.1056/avr8-gnu-toolchain/bin/../lib/gcc/avr/4.8.1/../../../../avr/lib/avr51\libm.a(divsf3x.o) (__fp_szero)
[...]
Memory Configuration

Name             Origin             Length             Attributes
text             0x00000000         0x00020000         xr
data             0x00800100         0x0000ff00         rw !x
eeprom           0x00810000         0x00010000         rw !x
fuse             0x00820000         0x00000400         rw !x
lock             0x00830000         0x00000400         rw !x
signature        0x00840000         0x00000400         rw !x
user_signatures  0x00850000         0x00000400         rw !x
*default*        0x00000000         0xffffffff

Linker script and memory map

Address of section .data set to 0x800100
LOAD c:/program files (x86)/atmel/atmel toolchain/avr8 gcc/native/3.4.1056/avr8-gnu-toolchain/bin/../lib/gcc/avr/4.8.1/../../../../avr/lib/avr51/crtm1284p.o
LOAD dht.o
LOAD enc28j60.o
LOAD websrv_help_functions.o
LOAD dnslkup.o
LOAD ip_arp_udp_tcp.o
LOAD test_web_client.o
LOAD usart.o
LOAD crc8.o
LOAD ds18x20.o
LOAD eeprom.o
LOAD onewire.o
LOAD twi.o
LOAD I2CEEPROM.o
LOAD analog.o
LOAD base64_dec.o
LOAD timer.o
LOAD web.o
LOAD SPILCD.o
LOAD dbg_putchar.o
LOAD MCP23008.o
START GROUP
LOAD c:/program files (x86)/atmel/atmel toolchain/avr8 gcc/native/3.4.1056/avr8-gnu-toolchain/bin/../lib/gcc/avr/4.8.1/../../../../avr/lib/avr51\libprintf_flt.a
END GROUP
START GROUP
LOAD c:/program files (x86)/atmel/atmel toolchain/avr8 gcc/native/3.4.1056/avr8-gnu-toolchain/bin/../lib/gcc/avr/4.8.1/avr51\libgcc.a
LOAD c:/program files (x86)/atmel/atmel toolchain/avr8 gcc/native/3.4.1056/avr8-gnu-toolchain/bin/../lib/gcc/avr/4.8.1/../../../../avr/lib/avr51\libm.a
LOAD c:/program files (x86)/atmel/atmel toolchain/avr8 gcc/native/3.4.1056/avr8-gnu-toolchain/bin/../lib/gcc/avr/4.8.1/../../../../avr/lib/avr51\libc.a
END GROUP

.hash
 *(.hash)

.dynsym
 *(.dynsym)

.dynstr
 *(.dynstr)

.gnu.version
 *(.gnu.version)

.gnu.version_d
 *(.gnu.version_d)

.gnu.version_r
 *(.gnu.version_r)

.rel.init
 *(.rel.init)

.rela.init
 *(.rela.init)

.rel.text
 *(.rel.text)
 *(.rel.text.*)
 *(.rel.gnu.linkonce.t*)

.rela.text
 *(.rela.text)
 *(.rela.text.*)
 *(.rela.gnu.linkonce.t*)

.rel.fini
 *(.rel.fini)

.rela.fini
 *(.rela.fini)

.rel.rodata
 *(.rel.rodata)
 *(.rel.rodata.*)
 *(.rel.gnu.linkonce.r*)

.rela.rodata
 *(.rela.rodata)
 *(.rela.rodata.*)
 *(.rela.gnu.linkonce.r*)

.rel.data
 *(.rel.data)
 *(.rel.data.*)
 *(.rel.gnu.linkonce.d*)

.rela.data
 *(.rela.data)
 *(.rela.data.*)
 *(.rela.gnu.linkonce.d*)

.rel.ctors
 *(.rel.ctors)

.rela.ctors
 *(.rela.ctors)

.rel.dtors
 *(.rel.dtors)

.rela.dtors
 *(.rela.dtors)

.rel.got
 *(.rel.got)

.rela.got
 *(.rela.got)

.rel.bss
 *(.rel.bss)

.rela.bss
 *(.rela.bss)

.rel.plt
 *(.rel.plt)

.rela.plt
 *(.rela.plt)

.text           0x00000000     0x869c
 *(.vectors)
 .vectors       0x00000000       0x8c c:/program files (x86)/atmel/atmel toolchain/avr8 gcc/native/3.4.1056/avr8-gnu-toolchain/bin/../lib/gcc/avr/4.8.1/../../../../avr/lib/avr51/crtm1284p.o
                0x00000000                __vector_default
                0x00000000                __vectors
 *(.vectors)
 *(.progmem.gcc*)
                0x0000008c                . = ALIGN (0x2)
                0x0000008c                __trampolines_start = .
 *(.trampolines)
 .trampolines   0x0000008c        0x0 linker stubs
 *(.trampolines*)
                0x0000008c                __trampolines_end = .
 *(.progmem*)
 .progmem.data.__c.2854
                0x0000008c       0x36 ip_arp_udp_tcp.o
 .progmem.data.__c.2852
                0x000000c2       0x11 ip_arp_udp_tcp.o
 .progmem.data.__c.2850
                0x000000d3       0x39 ip_arp_udp_tcp.o
 .progmem.data.__c.2848
                0x0000010c        0x3 ip_arp_udp_tcp.o
 .progmem.data.__c.2846
                0x0000010f       0x12 ip_arp_udp_tcp.o
 .progmem.data.__c.2844
                0x00000121        0x6 ip_arp_udp_tcp.o
 .progmem.data.__c.2842
                0x00000127       0x41 ip_arp_udp_tcp.o
 .progmem.data.__c.2840
                0x00000168       0x12 ip_arp_udp_tcp.o
 .progmem.data.__c.2838
                0x0000017a        0x5 ip_arp_udp_tcp.o
 .progmem.data.iphdr
                0x0000017f        0x9 ip_arp_udp_tcp.o
                0x0000017f                iphdr
 .progmem.data.arpreqhdr
                0x00000188        0x8 ip_arp_udp_tcp.o
                0x00000188                arpreqhdr
 .progmem.data.__c.2721
                0x00000190       0x39 test_web_client.o
 .progmem.data.__c.2716
                0x000001c9       0x33 test_web_client.o
 .progmem.data.__c.2703
                0x000001fc       0x19 test_web_client.o
 .progmem.data.__c.2701
                0x00000215       0x26 test_web_client.o
 .progmem.data.__c.2699
                0x0000023b       0x28 test_web_client.o
 .progmem.data.__c.2195
                0x00000263       0x1d ds18x20.o
 .progmem.data.__c.2188
                0x00000280       0x2b ds18x20.o
 .progmem.data.__c.3035
                0x000002ab       0x10 web.o
 .progmem.data.__c.3005
                0x000002bb       0x14 web.o
 .progmem.data.__c.2974
                0x000002cf       0x50 web.o
 .progmem.data.__c.2972
                0x0000031f        0xc web.o
 .progmem.data.__c.2970
                0x0000032b        0xb web.o
 .progmem.data.__c.2968
                0x00000336        0xa web.o
 .progmem.data.__c.2966
                0x00000340        0xa web.o
 .progmem.data.__c.2964
                0x0000034a        0xb web.o
 .progmem.data.__c.2962
                0x00000355        0xb web.o
 .progmem.data.__c.2960
                0x00000360        0x9 web.o
 .progmem.data.__c.2958
                0x00000369        0x8 web.o
 .progmem.data.__c.2953
                0x00000371        0x4 web.o
 .progmem.data.__c.2951
                0x00000375        0x4 web.o
 .progmem.data.__c.2949
                0x00000379        0x4 web.o
 .progmem.data.__c.2947
                0x0000037d        0x4 web.o
 .progmem.data.__c.2945
                0x00000381        0x4 web.o
 .progmem.data.__c.2943
                0x00000385        0x4 web.o
 .progmem.data.__c.2934
                0x00000389        0x4 web.o
 .progmem.data.__c.2930
                0x0000038d       0x10 web.o
 .progmem.data.__c.2926
                0x0000039d        0xe web.o
 .progmem.data.__c.2913
                0x000003ab        0x4 web.o
 .progmem.data.__c.2907
                0x000003af        0x6 web.o
 .progmem.data.__c.2903
                0x000003b5        0xd web.o
 .progmem.data.__c.2899
                0x000003c2       0x12 web.o
 .progmem.data.__c.2896
                0x000003d4       0x10 web.o
 .progmem.data.__c.2892
                0x000003e4        0xc web.o
 .progmem.data.__c.2894
                0x000003f0        0xd web.o
 .progmem.data.__c.2890
                0x000003fd       0x25 web.o
 .progmem.data.__c.2887
                0x00000422       0x18 web.o
 .progmem.data.__c.2883
                0x0000043a       0x12 web.o
 .progmem.data.__c.2885
                0x0000044c        0xd web.o
 .progmem.data.__c.2881
                0x00000459       0x25 web.o
 .progmem.data.__c.2877
                0x0000047e       0x1e web.o
 .progmem.data.__c.2875
                0x0000049c       0x18 web.o
 .progmem.data.__c.2873
                0x000004b4       0x1f web.o
 .progmem.data.__c.2871
                0x000004d3        0xd web.o
 .progmem.data.__c.2869
                0x000004e0       0x15 web.o
 .progmem.data.__c.2858
                0x000004f5       0x11 web.o
 .progmem.data.__c.2854
                0x00000506       0x11 web.o
 .progmem.data.__c.2846
                0x00000517       0x2c web.o
 .progmem.data.__c.2839
                0x00000543        0x8 web.o
 .progmem.data.__c.2833
                0x0000054b        0xa web.o
 .progmem.data.__c.2820
                0x00000555        0xe web.o
 .progmem.data.__c.2817
                0x00000563        0xc web.o
 .progmem.data.__c.2791
                0x0000056f        0xe web.o
 .progmem.data.__c.2789
                0x0000057d       0x23 web.o
 .progmem.data.__c.2784
                0x000005a0       0x16 web.o
 .progmem.data.__c.2778
                0x000005b6       0x19 web.o
 .progmem.data.__c.2775
                0x000005cf       0x76 web.o
 .progmem.data.__c.2769
                0x00000645        0xe web.o
 .progmem.data.__c.2767
                0x00000653       0x71 web.o
 .progmem.data.__c.2765
                0x000006c4       0x60 web.o
 .progmem.data.__c.2763
                0x00000724       0x5c web.o
 .progmem.data.__c.2761
                0x00000780       0x5c web.o
 .progmem.data.__c.2759
                0x000007dc       0x50 web.o
 .progmem.data.__c.2753
                0x0000082c        0xe web.o
 .progmem.data.__c.2751
                0x0000083a       0x18 web.o
 .progmem.data.__c.2749
                0x00000852       0x2c web.o
 .progmem.data.__c.2746
                0x0000087e       0x33 web.o
 .progmem.data.__c.2743
                0x000008b1       0x54 web.o
 .progmem.data.__c.2734
                0x00000905       0x32 web.o
 .progmem.data.__c.2729
                0x00000937       0x1a web.o
 .progmem.data.__c.2723
                0x00000951        0x3 web.o
 .progmem.data.__c.2718
                0x00000954       0x36 web.o
 .progmem.data.__c.2714
                0x0000098a        0xe web.o
 .progmem.data.__c.2707
                0x00000998        0xe web.o
 .progmem.data.__c.2705
                0x000009a6       0x6c web.o
 .progmem.data.__c.2703
                0x00000a12       0x23 web.o
 .progmem.data.__c.2701
                0x00000a35       0x1b web.o
 .progmem.data.__c.2699
                0x00000a50       0x2d web.o
 .progmem.data.__c.2683
                0x00000a7d       0x1a web.o
 .progmem.data.__c.2681
                0x00000a97       0x23 web.o
 .progmem.data.__c.2679
                0x00000aba       0x2d web.o
 .progmem.data.__c.2677
                0x00000ae7       0x21 web.o
 .progmem.data.__c.2675
                0x00000b08       0x26 web.o
 .progmem.data.__c.2666
                0x00000b2e       0x13 web.o
 .progmem.data.__c.2662
                0x00000b41       0x13 web.o
 .progmem.data.__c.2654
                0x00000b54        0xa web.o
 .progmem.data.__c.2648
                0x00000b5e        0xa web.o
 .progmem.data.__c.2642
                0x00000b68        0x9 web.o
 .progmem.data.__c.2636
                0x00000b71        0x9 web.o
 .progmem.data.__c.2630
                0x00000b7a       0x2d web.o
 .progmem.data.__c.2622
                0x00000ba7       0x84 web.o
 .progmem.data.__c.2617
                0x00000c2b       0x57 web.o
 .progmem.data.__c.2612
                0x00000c82       0x3f web.o
 .progmem.data.style_css
                0x00000cc1      0x3f3 web.o
                0x00000cc1                style_css
 .progmem.data.loader_js
                0x000010b4       0xb2 web.o
                0x000010b4                loader_js
 .progmem.data.fmu2_js
                0x00001166      0x138 web.o
                0x00001166                fmu2_js
 .progmem.data.fmu_js
                0x0000129e      0x1c7 web.o
                0x0000129e                fmu_js
 .progmem.data.alarms_js
                0x00001465       0xff web.o
                0x00001465                alarms_js
 .progmem.data.alarms_htm
                0x00001564       0xd2 web.o
                0x00001564                alarms_htm
 .progmem.data  0x00001636        0x8 c:/program files (x86)/atmel/atmel toolchain/avr8 gcc/native/3.4.1056/avr8-gnu-toolchain/bin/../lib/gcc/avr/4.8.1/../../../../avr/lib/avr51\libprintf_flt.a(vfprintf_flt.o)
 .progmem.data  0x0000163e       0xfa c:/program files (x86)/atmel/atmel toolchain/avr8 gcc/native/3.4.1056/avr8-gnu-toolchain/bin/../lib/gcc/avr/4.8.1/../../../../avr/lib/avr51\libc.a(ftoa_engine.o)
 .progmem.data  0x00001738        0xc c:/program files (x86)/atmel/atmel toolchain/avr8 gcc/native/3.4.1056/avr8-gnu-toolchain/bin/../lib/gcc/avr/4.8.1/../../../../avr/lib/avr51\libc.a(vfscanf_std.o)
                0x00001744                . = ALIGN (0x2)
 *(.jumptables)
 *(.jumptables*)
 *(.lowtext)
 *(.lowtext*)
                0x00001744                __ctors_start = .
 *(.ctors)
                0x00001744                __ctors_end = .
                0x00001744                __dtors_start = .
 *(.dtors)
                0x00001744                __dtors_end = .
 SORT(*)(.ctors)
 SORT(*)(.dtors)
 *(.init0)
 .init0         0x00001744        0x0 c:/program files (x86)/atmel/atmel toolchain/avr8 gcc/native/3.4.1056/avr8-gnu-toolchain/bin/../lib/gcc/avr/4.8.1/../../../../avr/lib/avr51/crtm1284p.o
                0x00001744                __init
 *(.init0)
 *(.init1)
 *(.init1)
 *(.init2)
 .init2         0x00001744        0xc c:/program files (x86)/atmel/atmel toolchain/avr8 gcc/native/3.4.1056/avr8-gnu-toolchain/bin/../lib/gcc/avr/4.8.1/../../../../avr/lib/avr51/crtm1284p.o
 *(.init2)
 *(.init3)
 *(.init3)
 *(.init4)
 .init4         0x00001750       0x1a c:/program files (x86)/atmel/atmel toolchain/avr8 gcc/native/3.4.1056/avr8-gnu-toolchain/bin/../lib/gcc/avr/4.8.1/avr51\libgcc.a(_copy_data.o)
                0x00001750                __do_copy_data
 .init4         0x0000176a       0x10 c:/program files (x86)/atmel/atmel toolchain/avr8 gcc/native/3.4.1056/avr8-gnu-toolchain/bin/../lib/gcc/avr/4.8.1/avr51\libgcc.a(_clear_bss.o)
                0x0000176a                __do_clear_bss
 *(.init4)
 *(.init5)
 *(.init5)
 *(.init6)
 *(.init6)
 *(.init7)
 *(.init7)
 *(.init8)
 *(.init8)
 *(.init9)
 .init9         0x0000177a        0x8 c:/program files (x86)/atmel/atmel toolchain/avr8 gcc/native/3.4.1056/avr8-gnu-toolchain/bin/../lib/gcc/avr/4.8.1/../../../../avr/lib/avr51/crtm1284p.o
 *(.init9)
 *(.text)
 .text          0x00001782        0x4 c:/program files (x86)/atmel/atmel toolchain/avr8 gcc/native/3.4.1056/avr8-gnu-toolchain/bin/../lib/gcc/avr/4.8.1/../../../../avr/lib/avr51/crtm1284p.o
                0x00001782                __vector_22
                0x00001782                __vector_28
                0x00001782                __vector_1
                0x00001782                __vector_32
                0x00001782                __vector_34
                0x00001782                __vector_24
                0x00001782                __vector_12
                0x00001782                __bad_interrupt
                0x00001782                __vector_6
                0x00001782                __vector_31
                0x00001782                __vector_3
                0x00001782                __vector_23
                0x00001782                __vector_30
                0x00001782                __vector_25
                0x00001782                __vector_11
                0x00001782                __vector_17
                0x00001782                __vector_19
                0x00001782                __vector_7
                0x00001782                __vector_27
                0x00001782                __vector_5
                0x00001782                __vector_33
                0x00001782                __vector_4
                0x00001782                __vector_9
                0x00001782                __vector_2
                0x00001782                __vector_21
                0x00001782                __vector_15
                0x00001782                __vector_29
                0x00001782                __vector_8
                0x00001782                __vector_26
                0x00001782                __vector_14
                0x00001782                __vector_10
                0x00001782                __vector_16
                0x00001782                __vector_18
                0x00001782                __vector_20
                0x00001786                . = ALIGN (0x2)
 *(.text.*)
 .text.dht_getdata
                0x00001786      0x210 dht.o
                0x00001786                dht_getdata
 .text.enc28j60ReadOp
                0x00001996       0x2c enc28j60.o
                0x00001996                enc28j60ReadOp
 .text.enc28j60WriteOp
                0x000019c2       0x1a enc28j60.o
                0x000019c2                enc28j60WriteOp
 .text.enc28j60ReadBuffer
                0x000019dc       0x2c enc28j60.o
                0x000019dc                enc28j60ReadBuffer
 .text.enc28j60WriteBuffer
                0x00001a08       0x2a enc28j60.o
                0x00001a08                enc28j60WriteBuffer
 .text.enc28j60SetBank
                0x00001a32       0x44 enc28j60.o
                0x00001a32                enc28j60SetBank
 .text.enc28j60Read
                0x00001a76       0x20 enc28j60.o
                0x00001a76                enc28j60Read
 .text.enc28j60Write
                0x00001a96       0x26 enc28j60.o
                0x00001a96                enc28j60Write
 .text.enc28j60PhyReadH
                0x00001abc       0x32 enc28j60.o
                0x00001abc                enc28j60PhyReadH
 .text.enc28j60PhyWrite
                0x00001aee       0x48 enc28j60.o
                0x00001aee                enc28j60PhyWrite
 .text.enc28j60clkout
                0x00001b36        0xa enc28j60.o
                0x00001b36                enc28j60clkout
 .text.enc28j60Init
                0x00001b40      0x14a enc28j60.o
                0x00001b40                enc28j60Init
 .text.enc28j60getrev
                0x00001c8a        0xe enc28j60.o
                0x00001c8a                enc28j60getrev
 .text.enc28j60linkup
                0x00001c98       0x12 enc28j60.o
                0x00001c98                enc28j60linkup
 .text.enc28j60PacketSend
                0x00001caa       0x80 enc28j60.o
                0x00001caa                enc28j60PacketSend
 .text.enc28j60PacketReceive
                0x00001d2a       0xf8 enc28j60.o
                0x00001d2a                enc28j60PacketReceive
 .text.find_key_val
                0x00001e22       0x82 websrv_help_functions.o
                0x00001e22                find_key_val
 .text.dnslkup_haveanswer
                0x00001ea4        0x6 dnslkup.o
                0x00001ea4                dnslkup_haveanswer
 .text.dnslkup_getip
                0x00001eaa        0x6 dnslkup.o
                0x00001eaa                dnslkup_getip
 .text.dnslkup_request
                0x00001eb0       0xe6 dnslkup.o
                0x00001eb0                dnslkup_request
 .text.udp_client_check_for_dns_answer
                0x00001f96       0xc0 dnslkup.o
                0x00001f96                udp_client_check_for_dns_answer
 .text.www_client_internal_result_callback
                0x00002056       0x92 ip_arp_udp_tcp.o
                0x00002056                www_client_internal_result_callback
 .text.checksum
                0x000020e8       0xbc ip_arp_udp_tcp.o
                0x000020e8                checksum
 .text.init_ip_arp_udp_tcp
                0x000021a4       0x2e ip_arp_udp_tcp.o
                0x000021a4                init_ip_arp_udp_tcp
 .text.check_ip_message_is_from
                0x000021d2       0x1e ip_arp_udp_tcp.o
                0x000021d2                check_ip_message_is_from
 .text.eth_type_is_arp_and_my_ip
                0x000021f0       0x34 ip_arp_udp_tcp.o
                0x000021f0                eth_type_is_arp_and_my_ip
 .text.eth_type_is_ip_and_my_ip
                0x00002224       0x38 ip_arp_udp_tcp.o
                0x00002224                eth_type_is_ip_and_my_ip
 .text.make_eth
                0x0000225c       0x26 ip_arp_udp_tcp.o
                0x0000225c                make_eth
 .text.fill_ip_hdr_checksum
                0x00002282       0x2a ip_arp_udp_tcp.o
                0x00002282                fill_ip_hdr_checksum
 .text.make_ip  0x000022ac       0x28 ip_arp_udp_tcp.o
                0x000022ac                make_ip
 .text.step_seq
                0x000022d4       0x2a ip_arp_udp_tcp.o
                0x000022d4                step_seq
 .text.make_tcphead
                0x000022fe       0x2a ip_arp_udp_tcp.o
                0x000022fe                make_tcphead
 .text.make_arp_answer_from_request
                0x00002328       0x66 ip_arp_udp_tcp.o
                0x00002328                make_arp_answer_from_request
 .text.make_echo_reply_from_request
                0x0000238e       0x38 ip_arp_udp_tcp.o
                0x0000238e                make_echo_reply_from_request
 .text.make_tcp_synack_from_syn
                0x000023c6       0x70 ip_arp_udp_tcp.o
                0x000023c6                make_tcp_synack_from_syn
 .text.get_tcp_data_len
                0x00002436       0x2a ip_arp_udp_tcp.o
                0x00002436                get_tcp_data_len
 .text.fill_tcp_data_p
                0x00002460       0x24 ip_arp_udp_tcp.o
                0x00002460                fill_tcp_data_p
 .text.fill_tcp_data_len
                0x00002484       0x1e ip_arp_udp_tcp.o
                0x00002484                fill_tcp_data_len
 .text.fill_tcp_data
                0x000024a2       0x16 ip_arp_udp_tcp.o
                0x000024a2                fill_tcp_data
 .text.www_client_internal_datafill_callback
                0x000024b8      0x182 ip_arp_udp_tcp.o
                0x000024b8                www_client_internal_datafill_callback
 .text.make_tcp_ack_from_any
                0x0000263a       0x82 ip_arp_udp_tcp.o
                0x0000263a                make_tcp_ack_from_any
 .text.make_tcp_ack_with_data_noflags
                0x000026bc       0x44 ip_arp_udp_tcp.o
                0x000026bc                make_tcp_ack_with_data_noflags
 .text.www_server_reply
                0x00002700       0x2e ip_arp_udp_tcp.o
                0x00002700                www_server_reply
 .text.fill_buf_p
                0x0000272e       0x1c ip_arp_udp_tcp.o
                0x0000272e                fill_buf_p
 .text.send_udp_prepare
                0x0000274a       0xea ip_arp_udp_tcp.o
                0x0000274a                send_udp_prepare
 .text.send_udp_transmit
                0x00002834       0x46 ip_arp_udp_tcp.o
                0x00002834                send_udp_transmit
 .text.client_arp_whohas
                0x0000287a       0xac ip_arp_udp_tcp.o
                0x0000287a                client_arp_whohas
 .text.client_waiting_gw
                0x00002926        0xe ip_arp_udp_tcp.o
                0x00002926                client_waiting_gw
 .text.client_store_gw_mac
                0x00002934       0x36 ip_arp_udp_tcp.o
                0x00002934                client_store_gw_mac
 .text.client_set_gwip
                0x0000296a       0x1c ip_arp_udp_tcp.o
                0x0000296a                client_set_gwip
 .text.client_tcp_set_serverip
                0x00002986       0x16 ip_arp_udp_tcp.o
                0x00002986                client_tcp_set_serverip
 .text.client_syn
                0x0000299c      0x100 ip_arp_udp_tcp.o
                0x0000299c                client_syn
 .text.client_tcp_req
                0x00002a9c       0x38 ip_arp_udp_tcp.o
                0x00002a9c                client_tcp_req
 .text.client_browse_url
                0x00002ad4       0x3a ip_arp_udp_tcp.o
                0x00002ad4                client_browse_url
 .text.packetloop_icmp_tcp
                0x00002b0e      0x31e ip_arp_udp_tcp.o
                0x00002b0e                packetloop_icmp_tcp
 .text.mywdt_sleep
                0x00002e2c       0x38 test_web_client.o
 .text.read_ip_addresses
                0x00002e64       0xc2 test_web_client.o
                0x00002e64                read_ip_addresses
 .text.save_ip_addresses
                0x00002f26       0xc0 test_web_client.o
                0x00002f26                save_ip_addresses
 .text.loadSimpleSensorData
                0x00002fe6      0x108 test_web_client.o
                0x00002fe6                loadSimpleSensorData
 .text.getDHTData
                0x000030ee       0xe6 test_web_client.o
                0x000030ee                getDHTData
 .text.timedAlarmCheck
                0x000031d4      0x1e6 test_web_client.o
                0x000031d4                timedAlarmCheck
 .text.startup.main
                0x000033ba      0x808 test_web_client.o
                0x000033ba                main
 .text.updateCounters
                0x00003bc2       0x84 test_web_client.o
                0x00003bc2                updateCounters
 .text.usart_init
                0x00003c46       0x32 usart.o
                0x00003c46                usart_init
 .text.uart_putchar
                0x00003c78       0x12 usart.o
                0x00003c78                uart_putchar
 .text.crc8     0x00003c8a       0x32 crc8.o
                0x00003c8a                crc8
 .text.findSensor
                0x00003cbc       0xa8 ds18x20.o
                0x00003cbc                findSensor
 .text.DS18X20_meas_to_cel
                0x00003d64       0xa4 ds18x20.o
                0x00003d64                DS18X20_meas_to_cel
 .text.DS18X20_start_meas
                0x00003e08       0x44 ds18x20.o
                0x00003e08                DS18X20_start_meas
 .text.DS18X20_read_meas
                0x00003e4c       0xc0 ds18x20.o
                0x00003e4c                DS18X20_read_meas
 .text.updateOWSensors
                0x00003f0c      0x32c ds18x20.o
                0x00003f0c                updateOWSensors
 .text.eepromSaveByte
                0x00004238       0x38 eeprom.o
                0x00004238                eepromSaveByte
 .text.eepromSaveWord
                0x00004270       0x42 eeprom.o
                0x00004270                eepromSaveWord
 .text.eepromReadByteSigned
                0x000042b2        0x4 eeprom.o
                0x000042b2                eepromReadByteSigned
 .text.eepromReadByte
                0x000042b6        0x4 eeprom.o
                0x000042b6                eepromReadByte
 .text.eepromReadWord
                0x000042ba        0x4 eeprom.o
                0x000042ba                eepromReadWord
 .text.eepromSaveStr
                0x000042be       0x52 eeprom.o
                0x000042be                eepromSaveStr
 .text.eepromReadStr
                0x00004310       0x50 eeprom.o
                0x00004310                eepromReadStr
 .text.ow_input_pin_state
                0x00004360       0x12 onewire.o
                0x00004360                ow_input_pin_state
 .text.ow_parasite_enable
                0x00004372       0x26 onewire.o
                0x00004372                ow_parasite_enable
 .text.ow_reset
                0x00004398       0x86 onewire.o
                0x00004398                ow_reset
 .text.OW_selectPort
                0x0000441e       0x8e onewire.o
                0x0000441e                OW_selectPort
 .text.ow_bit_io
                0x000044ac       0x70 onewire.o
                0x000044ac                ow_bit_io
 .text.ow_byte_wr
                0x0000451c       0x22 onewire.o
                0x0000451c                ow_byte_wr
 .text.ow_byte_rd
                0x0000453e        0x6 onewire.o
                0x0000453e                ow_byte_rd
 .text.ow_rom_search
                0x00004544       0x8e onewire.o
                0x00004544                ow_rom_search
 .text.find_sensor
                0x000045d2       0x14 onewire.o
                0x000045d2                find_sensor
 .text.search_sensors
                0x000045e6       0xb4 onewire.o
                0x000045e6                search_sensors
 .text.ow_command
                0x0000469a       0x46 onewire.o
                0x0000469a                ow_command
 .text.twiInit  0x000046e0       0x10 twi.o
                0x000046e0                twiInit
 .text.twiDecTo
                0x000046f0       0x14 twi.o
                0x000046f0                twiDecTo
 .text.ADC_Init
                0x00004704        0x8 analog.o
                0x00004704                ADC_Init
 .text.readAdc  0x0000470c       0x2e analog.o
                0x0000470c                readAdc
 .text.readOversampledAdc
                0x0000473a       0x34 analog.o
                0x0000473a                readOversampledAdc
 .text.base64dec
                0x0000476e      0x176 base64_dec.o
                0x0000476e                base64dec
 .text.tickDiffS
                0x000048e4       0x12 timer.o
                0x000048e4                tickDiffS
 .text.initTimer
                0x000048f6       0x34 timer.o
                0x000048f6                initTimer
 .text.__vector_13
                0x0000492a       0xb8 timer.o
                0x0000492a                __vector_13
 .text.lcd_callback
                0x000049e2      0x254 web.o
                0x000049e2                lcd_callback
 .text.lcd_write_screen
                0x00004c36       0x46 web.o
                0x00004c36                lcd_write_screen
 .text.lcd_update
                0x00004c7c      0x168 web.o
                0x00004c7c                lcd_update
 .text.initTimedEvents
                0x00004de4       0x1a web.o
                0x00004de4                initTimedEvents
 .text.checkTimedEvents
                0x00004dfe      0x130 web.o
                0x00004dfe                checkTimedEvents
 .text.addTimedEvent
                0x00004f2e       0xbe web.o
                0x00004f2e                addTimedEvent
 .text.browserresult_callback
                0x00004fec      0x27e web.o
                0x00004fec                browserresult_callback
 .text.http200ok
                0x0000526a       0x10 web.o
                0x0000526a                http200ok
 .text.http200gzok
                0x0000527a       0x10 web.o
                0x0000527a                http200gzok
 .text.https401
                0x0000528a       0x10 web.o
                0x0000528a                https401
 .text.print_export_htm
                0x0000529a      0x41a web.o
                0x0000529a                print_export_htm
 .text.print_webpage
                0x000056b4      0x220 web.o
                0x000056b4                print_webpage
 .text.print_sensorlist
                0x000058d4      0x18a web.o
                0x000058d4                print_sensorlist
 .text.print_alarmlist
                0x00005a5e      0x1d0 web.o
                0x00005a5e                print_alarmlist
 .text.print_settings_general_webpage
                0x00005c2e       0xe8 web.o
                0x00005c2e                print_settings_general_webpage
 .text.print_settings_webpage
                0x00005d16      0x158 web.o
                0x00005d16                print_settings_webpage
 .text.print_settings_io_webpage
                0x00005e6e      0x132 web.o
                0x00005e6e                print_settings_io_webpage
 .text.print_flash_webpage
                0x00005fa0       0x7c web.o
                0x00005fa0                print_flash_webpage
 .text.user_is_auth
                0x0000601c       0xc2 web.o
                0x0000601c                user_is_auth
 .text.fill_custom_client_data
                0x000060de      0x358 web.o
                0x000060de                fill_custom_client_data
 .text.save_checkbox_cgivalue
                0x00006436       0xac web.o
                0x00006436                save_checkbox_cgivalue
 .text.save_cgivalue_if_found
                0x000064e2       0x60 web.o
                0x000064e2                save_cgivalue_if_found
 .text.signed_save_cgivalue_if_found
                0x00006542       0x60 web.o
                0x00006542                signed_save_cgivalue_if_found
 .text.handle_net
                0x000065a2      0x8e6 web.o
                0x000065a2                handle_net
 .text.LCDclr   0x00006e88       0x12 SPILCD.o
                0x00006e88                LCDclr
 .text.spilcd_init
                0x00006e9a       0x80 SPILCD.o
                0x00006e9a                spilcd_init
 .text.LCDsetCursor
                0x00006f1a       0x3a SPILCD.o
                0x00006f1a                LCDsetCursor
 .text.LCDwrite
                0x00006f54        0x4 SPILCD.o
                0x00006f54                LCDwrite
 .text.dbg_putchar
                0x00006f58       0x38 dbg_putchar.o
                0x00006f58                dbg_putchar
 .text.dbg_puts
                0x00006f90       0x18 dbg_putchar.o
                0x00006f90                dbg_puts
 .text.avr-libc
                0x00006fa8      0x748 c:/program files (x86)/atmel/atmel toolchain/avr8 gcc/native/3.4.1056/avr8-gnu-toolchain/bin/../lib/gcc/avr/4.8.1/../../../../avr/lib/avr51\libprintf_flt.a(vfprintf_flt.o)
                0x00006fa8                vfprintf
 .text.libgcc.div
                0x000076f0       0x28 c:/program files (x86)/atmel/atmel toolchain/avr8 gcc/native/3.4.1056/avr8-gnu-toolchain/bin/../lib/gcc/avr/4.8.1/avr51\libgcc.a(_udivmodhi4.o)
                0x000076f0                __udivmodhi4
 .text.libgcc.div
                0x00007718       0x44 c:/program files (x86)/atmel/atmel toolchain/avr8 gcc/native/3.4.1056/avr8-gnu-toolchain/bin/../lib/gcc/avr/4.8.1/avr51\libgcc.a(_udivmodsi4.o)
                0x00007718                __udivmodsi4
 .text.avr-libc.fplib
                0x0000775c        0x4 c:/program files (x86)/atmel/atmel toolchain/avr8 gcc/native/3.4.1056/avr8-gnu-toolchain/bin/../lib/gcc/avr/4.8.1/../../../../avr/lib/avr51\libm.a(divsf3.o)
                0x0000775c                __divsf3
 .text.avr-libc.fplib
                0x00007760       0xcc c:/program files (x86)/atmel/atmel toolchain/avr8 gcc/native/3.4.1056/avr8-gnu-toolchain/bin/../lib/gcc/avr/4.8.1/../../../../avr/lib/avr51\libm.a(divsf3x.o)
                0x00007776                __divsf3x
                0x0000777a                __divsf3_pse
 .text.avr-libc.fplib
                0x0000782c       0x7a c:/program files (x86)/atmel/atmel toolchain/avr8 gcc/native/3.4.1056/avr8-gnu-toolchain/bin/../lib/gcc/avr/4.8.1/../../../../avr/lib/avr51\libm.a(floatsisf.o)
                0x0000782c                __floatunsisf
                0x00007830                __floatsisf
 .text.avr-libc.fplib
                0x000078a6        0xc c:/program files (x86)/atmel/atmel toolchain/avr8 gcc/native/3.4.1056/avr8-gnu-toolchain/bin/../lib/gcc/avr/4.8.1/../../../../avr/lib/avr51\libm.a(fp_inf.o)
                0x000078a6                __fp_inf
 .text.avr-libc.fplib
                0x000078b2        0x6 c:/program files (x86)/atmel/atmel toolchain/avr8 gcc/native/3.4.1056/avr8-gnu-toolchain/bin/../lib/gcc/avr/4.8.1/../../../../avr/lib/avr51\libm.a(fp_nan.o)
                0x000078b2                __fp_nan
 .text.avr-libc.fplib
                0x000078b8        0xe c:/program files (x86)/atmel/atmel toolchain/avr8 gcc/native/3.4.1056/avr8-gnu-toolchain/bin/../lib/gcc/avr/4.8.1/../../../../avr/lib/avr51\libm.a(fp_pscA.o)
                0x000078b8                __fp_pscA
 .text.avr-libc.fplib
                0x000078c6        0xe c:/program files (x86)/atmel/atmel toolchain/avr8 gcc/native/3.4.1056/avr8-gnu-toolchain/bin/../lib/gcc/avr/4.8.1/../../../../avr/lib/avr51\libm.a(fp_pscB.o)
                0x000078c6                __fp_pscB
 .text.avr-libc.fplib
                0x000078d4       0x22 c:/program files (x86)/atmel/atmel toolchain/avr8 gcc/native/3.4.1056/avr8-gnu-toolchain/bin/../lib/gcc/avr/4.8.1/../../../../avr/lib/avr51\libm.a(fp_round.o)
                0x000078d4                __fp_round
 .text.avr-libc.fplib
                0x000078f6       0x44 c:/program files (x86)/atmel/atmel toolchain/avr8 gcc/native/3.4.1056/avr8-gnu-toolchain/bin/../lib/gcc/avr/4.8.1/../../../../avr/lib/avr51\libm.a(fp_split3.o)
                0x000078f6                __fp_split3
                0x00007906                __fp_splitA
 .text.avr-libc.fplib
                0x0000793a        0xe c:/program files (x86)/atmel/atmel toolchain/avr8 gcc/native/3.4.1056/avr8-gnu-toolchain/bin/../lib/gcc/avr/4.8.1/../../../../avr/lib/avr51\libm.a(fp_zero.o)
                0x0000793a                __fp_zero
                0x0000793c                __fp_szero
 .text.avr-libc
                0x00007948       0x3c c:/program files (x86)/atmel/atmel toolchain/avr8 gcc/native/3.4.1056/avr8-gnu-toolchain/bin/../lib/gcc/avr/4.8.1/../../../../avr/lib/avr51\libc.a(atoi.o)
                0x00007948                atoi
 .text.avr-libc
                0x00007984      0x1b0 c:/program files (x86)/atmel/atmel toolchain/avr8 gcc/native/3.4.1056/avr8-gnu-toolchain/bin/../lib/gcc/avr/4.8.1/../../../../avr/lib/avr51\libc.a(ftoa_engine.o)
                0x00007984                __ftoa_engine
 .text.avr-libc
                0x00007b34       0x1c c:/program files (x86)/atmel/atmel toolchain/avr8 gcc/native/3.4.1056/avr8-gnu-toolchain/bin/../lib/gcc/avr/4.8.1/../../../../avr/lib/avr51\libc.a(strncmp_P.o)
                0x00007b34                strncmp_P
 .text.avr-libc
                0x00007b50       0x16 c:/program files (x86)/atmel/atmel toolchain/avr8 gcc/native/3.4.1056/avr8-gnu-toolchain/bin/../lib/gcc/avr/4.8.1/../../../../avr/lib/avr51\libc.a(strnlen_P.o)
                0x00007b50                strnlen_P
 .text.avr-libc
                0x00007b66       0x34 c:/program files (x86)/atmel/atmel toolchain/avr8 gcc/native/3.4.1056/avr8-gnu-toolchain/bin/../lib/gcc/avr/4.8.1/../../../../avr/lib/avr51\libc.a(strstr_P.o)
                0x00007b66                strstr_P
 .text.avr-libc
                0x00007b9a        0xe c:/program files (x86)/atmel/atmel toolchain/avr8 gcc/native/3.4.1056/avr8-gnu-toolchain/bin/../lib/gcc/avr/4.8.1/../../../../avr/lib/avr51\libc.a(memset.o)
                0x00007b9a                memset
 .text.avr-libc
                0x00007ba8       0x16 c:/program files (x86)/atmel/atmel toolchain/avr8 gcc/native/3.4.1056/avr8-gnu-toolchain/bin/../lib/gcc/avr/4.8.1/../../../../avr/lib/avr51\libc.a(strchr.o)
                0x00007ba8                strchr
 .text.avr-libc
                0x00007bbe       0x12 c:/program files (x86)/atmel/atmel toolchain/avr8 gcc/native/3.4.1056/avr8-gnu-toolchain/bin/../lib/gcc/avr/4.8.1/../../../../avr/lib/avr51\libc.a(strcmp.o)
                0x00007bbe                strcmp
 .text.avr-libc
                0x00007bd0       0x1c c:/program files (x86)/atmel/atmel toolchain/avr8 gcc/native/3.4.1056/avr8-gnu-toolchain/bin/../lib/gcc/avr/4.8.1/../../../../avr/lib/avr51\libc.a(strncmp.o)
                0x00007bd0                strncmp
 .text.avr-libc
                0x00007bec       0x1e c:/program files (x86)/atmel/atmel toolchain/avr8 gcc/native/3.4.1056/avr8-gnu-toolchain/bin/../lib/gcc/avr/4.8.1/../../../../avr/lib/avr51\libc.a(strncpy.o)
                0x00007bec                strncpy
 .text.avr-libc
                0x00007c0a       0x16 c:/program files (x86)/atmel/atmel toolchain/avr8 gcc/native/3.4.1056/avr8-gnu-toolchain/bin/../lib/gcc/avr/4.8.1/../../../../avr/lib/avr51\libc.a(strnlen.o)
                0x00007c0a                strnlen
 .text.avr-libc
                0x00007c20       0x34 c:/program files (x86)/atmel/atmel toolchain/avr8 gcc/native/3.4.1056/avr8-gnu-toolchain/bin/../lib/gcc/avr/4.8.1/../../../../avr/lib/avr51\libc.a(strstr.o)
                0x00007c20                strstr
 .text.avr-libc
                0x00007c54       0x16 c:/program files (x86)/atmel/atmel toolchain/avr8 gcc/native/3.4.1056/avr8-gnu-toolchain/bin/../lib/gcc/avr/4.8.1/../../../../avr/lib/avr51\libc.a(itoa_ncheck.o)
                0x00007c54                __itoa_ncheck
 .text.avr-libc
                0x00007c6a       0x10 c:/program files (x86)/atmel/atmel toolchain/avr8 gcc/native/3.4.1056/avr8-gnu-toolchain/bin/../lib/gcc/avr/4.8.1/../../../../avr/lib/avr51\libc.a(mul10.o)
                0x00007c6a                __mulhi_const_10
 .text.avr-libc
                0x00007c7a       0x34 c:/program files (x86)/atmel/atmel toolchain/avr8 gcc/native/3.4.1056/avr8-gnu-toolchain/bin/../lib/gcc/avr/4.8.1/../../../../avr/lib/avr51\libc.a(utoa_ncheck.o)
                0x00007c7a                __utoa_ncheck
                0x00007c7c                __utoa_common
 .text.avr-libc
                0x00007cae       0x64 c:/program files (x86)/atmel/atmel toolchain/avr8 gcc/native/3.4.1056/avr8-gnu-toolchain/bin/../lib/gcc/avr/4.8.1/../../../../avr/lib/avr51\libc.a(fputc.o)
                0x00007cae                fputc
 .text.avr-libc
                0x00007d12       0x24 c:/program files (x86)/atmel/atmel toolchain/avr8 gcc/native/3.4.1056/avr8-gnu-toolchain/bin/../lib/gcc/avr/4.8.1/../../../../avr/lib/avr51\libc.a(printf.o)
                0x00007d12                printf
 .text.avr-libc
                0x00007d36       0x48 c:/program files (x86)/atmel/atmel toolchain/avr8 gcc/native/3.4.1056/avr8-gnu-toolchain/bin/../lib/gcc/avr/4.8.1/../../../../avr/lib/avr51\libc.a(printf_p.o)
                0x00007d36                printf_P
 .text.avr-libc
                0x00007d7e       0x5a c:/program files (x86)/atmel/atmel toolchain/avr8 gcc/native/3.4.1056/avr8-gnu-toolchain/bin/../lib/gcc/avr/4.8.1/../../../../avr/lib/avr51\libc.a(puts.o)
                0x00007d7e                puts
 .text.avr-libc
                0x00007dd8       0x5e c:/program files (x86)/atmel/atmel toolchain/avr8 gcc/native/3.4.1056/avr8-gnu-toolchain/bin/../lib/gcc/avr/4.8.1/../../../../avr/lib/avr51\libc.a(sprintf.o)
                0x00007dd8                sprintf
 .text.avr-libc
                0x00007e36       0x5e c:/program files (x86)/atmel/atmel toolchain/avr8 gcc/native/3.4.1056/avr8-gnu-toolchain/bin/../lib/gcc/avr/4.8.1/../../../../avr/lib/avr51\libc.a(sprintf_p.o)
                0x00007e36                sprintf_P
 .text.avr-libc
                0x00007e94       0x44 c:/program files (x86)/atmel/atmel toolchain/avr8 gcc/native/3.4.1056/avr8-gnu-toolchain/bin/../lib/gcc/avr/4.8.1/../../../../avr/lib/avr51\libc.a(sscanf.o)
                0x00007e94                sscanf
 .text.avr-libc
                0x00007ed8       0xbc c:/program files (x86)/atmel/atmel toolchain/avr8 gcc/native/3.4.1056/avr8-gnu-toolchain/bin/../lib/gcc/avr/4.8.1/../../../../avr/lib/avr51\libc.a(ultoa_invert.o)
                0x00007ed8                __ultoa_invert
 .text.avr-libc
                0x00007f94      0x5a8 c:/program files (x86)/atmel/atmel toolchain/avr8 gcc/native/3.4.1056/avr8-gnu-toolchain/bin/../lib/gcc/avr/4.8.1/../../../../avr/lib/avr51\libc.a(vfscanf_std.o)
                0x000082ce                vfscanf
 .text.avr-libc
                0x0000853c       0x10 c:/program files (x86)/atmel/atmel toolchain/avr8 gcc/native/3.4.1056/avr8-gnu-toolchain/bin/../lib/gcc/avr/4.8.1/../../../../avr/lib/avr51\libc.a(eerd_byte_atmega1284p.o)
                0x0000853c                __eerd_byte_m1284p
 .text.avr-libc
                0x0000854c        0xc c:/program files (x86)/atmel/atmel toolchain/avr8 gcc/native/3.4.1056/avr8-gnu-toolchain/bin/../lib/gcc/avr/4.8.1/../../../../avr/lib/avr51\libc.a(eerd_word_atmega1284p.o)
                0x0000854c                __eerd_word_m1284p
 .text.avr-libc
                0x00008558       0x1c c:/program files (x86)/atmel/atmel toolchain/avr8 gcc/native/3.4.1056/avr8-gnu-toolchain/bin/../lib/gcc/avr/4.8.1/../../../../avr/lib/avr51\libc.a(eewr_byte_atmega1284p.o)
                0x00008558                __eewr_byte_m1284p
                0x0000855a                __eewr_r18_m1284p
 .text.avr-libc
                0x00008574        0xa c:/program files (x86)/atmel/atmel toolchain/avr8 gcc/native/3.4.1056/avr8-gnu-toolchain/bin/../lib/gcc/avr/4.8.1/../../../../avr/lib/avr51\libc.a(eewr_word_atmega1284p.o)
                0x00008574                __eewr_word_m1284p
 .text.avr-libc
                0x0000857e       0x10 c:/program files (x86)/atmel/atmel toolchain/avr8 gcc/native/3.4.1056/avr8-gnu-toolchain/bin/../lib/gcc/avr/4.8.1/../../../../avr/lib/avr51\libc.a(isspace.o)
                0x0000857e                isspace
 .text.avr-libc
                0x0000858e       0x16 c:/program files (x86)/atmel/atmel toolchain/avr8 gcc/native/3.4.1056/avr8-gnu-toolchain/bin/../lib/gcc/avr/4.8.1/../../../../avr/lib/avr51\libc.a(strchr_P.o)
                0x0000858e                strchr_P
 .text.avr-libc
                0x000085a4       0x20 c:/program files (x86)/atmel/atmel toolchain/avr8 gcc/native/3.4.1056/avr8-gnu-toolchain/bin/../lib/gcc/avr/4.8.1/../../../../avr/lib/avr51\libc.a(strrev.o)
                0x000085a4                strrev
 .text.avr-libc
                0x000085c4       0x7c c:/program files (x86)/atmel/atmel toolchain/avr8 gcc/native/3.4.1056/avr8-gnu-toolchain/bin/../lib/gcc/avr/4.8.1/../../../../avr/lib/avr51\libc.a(fgetc.o)
                0x000085c4                fgetc
 .text.avr-libc
                0x00008640       0x32 c:/program files (x86)/atmel/atmel toolchain/avr8 gcc/native/3.4.1056/avr8-gnu-toolchain/bin/../lib/gcc/avr/4.8.1/../../../../avr/lib/avr51\libc.a(ungetc.o)
                0x00008640                ungetc
 .text.avr-libc
                0x00008672       0x20 c:/program files (x86)/atmel/atmel toolchain/avr8 gcc/native/3.4.1056/avr8-gnu-toolchain/bin/../lib/gcc/avr/4.8.1/../../../../avr/lib/avr51\libc.a(eerd_block_atmega1284p.o)
                0x00008672                __eerd_block_m1284p
                0x00008676                __eerd_blraw_m1284p
 .text.avr-libc
                0x00008692        0x6 c:/program files (x86)/atmel/atmel toolchain/avr8 gcc/native/3.4.1056/avr8-gnu-toolchain/bin/../lib/gcc/avr/4.8.1/../../../../avr/lib/avr51\libc.a(cty_isfalse.o)
                0x00008692                __ctype_isfalse
                0x00008696                __ctype_istrue
                0x00008698                . = ALIGN (0x2)
 *(.fini9)
 .fini9         0x00008698        0x0 c:/program files (x86)/atmel/atmel toolchain/avr8 gcc/native/3.4.1056/avr8-gnu-toolchain/bin/../lib/gcc/avr/4.8.1/avr51\libgcc.a(_exit.o)
                0x00008698                _exit
                0x00008698                exit
 *(.fini9)
 *(.fini8)
 *(.fini8)
 *(.fini7)
 *(.fini7)
 *(.fini6)
 *(.fini6)
 *(.fini5)
 *(.fini5)
 *(.fini4)
 *(.fini4)
 *(.fini3)
 *(.fini3)
 *(.fini2)
 *(.fini2)
 *(.fini1)
 *(.fini1)
 *(.fini0)
 .fini0         0x00008698        0x4 c:/program files (x86)/atmel/atmel toolchain/avr8 gcc/native/3.4.1056/avr8-gnu-toolchain/bin/../lib/gcc/avr/4.8.1/avr51\libgcc.a(_exit.o)
 *(.fini0)
                0x0000869c                _etext = .

.data           0x00800100      0x448 load address 0x0000869c
                0x00800100                PROVIDE (__data_start, .)
 *(.data)
 .data          0x00800100        0x0 c:/program files (x86)/atmel/atmel toolchain/avr8 gcc/native/3.4.1056/avr8-gnu-toolchain/bin/../lib/gcc/avr/4.8.1/../../../../avr/lib/avr51/crtm1284p.o
 .data          0x00800100        0x0 dht.o
 .data          0x00800100        0x0 enc28j60.o
 .data          0x00800100        0x0 websrv_help_functions.o
 .data          0x00800100        0x0 dnslkup.o
 .data          0x00800100        0x0 ip_arp_udp_tcp.o
 .data          0x00800100        0x0 test_web_client.o
 .data          0x00800100        0x0 usart.o
 .data          0x00800100        0x0 crc8.o
 .data          0x00800100        0x0 ds18x20.o
 .data          0x00800100        0x0 eeprom.o
 .data          0x00800100        0x0 onewire.o
 .data          0x00800100        0x0 twi.o
 .data          0x00800100        0x0 I2CEEPROM.o
 .data          0x00800100        0x0 analog.o
 .data          0x00800100        0x0 base64_dec.o
 .data          0x00800100        0x0 timer.o
 .data          0x00800100        0x0 web.o
 .data          0x00800100        0x0 SPILCD.o
 .data          0x00800100        0x0 dbg_putchar.o
 .data          0x00800100        0x0 MCP23008.o
 .data          0x00800100        0x0 c:/program files (x86)/atmel/atmel toolchain/avr8 gcc/native/3.4.1056/avr8-gnu-toolchain/bin/../lib/gcc/avr/4.8.1/../../../../avr/lib/avr51\libprintf_flt.a(vfprintf_flt.o)
 .data          0x00800100        0x0 c:/program files (x86)/atmel/atmel toolchain/avr8 gcc/native/3.4.1056/avr8-gnu-toolchain/bin/../lib/gcc/avr/4.8.1/avr51\libgcc.a(_udivmodhi4.o)
 .data          0x00800100        0x0 c:/program files (x86)/atmel/atmel toolchain/avr8 gcc/native/3.4.1056/avr8-gnu-toolchain/bin/../lib/gcc/avr/4.8.1/avr51\libgcc.a(_divmodhi4.o)
 .data          0x00800100        0x0 c:/program files (x86)/atmel/atmel toolchain/avr8 gcc/native/3.4.1056/avr8-gnu-toolchain/bin/../lib/gcc/avr/4.8.1/avr51\libgcc.a(_udivmodsi4.o)
 .data          0x00800100        0x0 c:/program files (x86)/atmel/atmel toolchain/avr8 gcc/native/3.4.1056/avr8-gnu-toolchain/bin/../lib/gcc/avr/4.8.1/avr51\libgcc.a(_exit.o)
 .data          0x00800100        0x0 c:/program files (x86)/atmel/atmel toolchain/avr8 gcc/native/3.4.1056/avr8-gnu-toolchain/bin/../lib/gcc/avr/4.8.1/avr51\libgcc.a(_copy_data.o)
 .data          0x00800100        0x0 c:/program files (x86)/atmel/atmel toolchain/avr8 gcc/native/3.4.1056/avr8-gnu-toolchain/bin/../lib/gcc/avr/4.8.1/avr51\libgcc.a(_clear_bss.o)
 .data          0x00800100        0x0 c:/program files (x86)/atmel/atmel toolchain/avr8 gcc/native/3.4.1056/avr8-gnu-toolchain/bin/../lib/gcc/avr/4.8.1/../../../../avr/lib/avr51\libm.a(divsf3.o)
 .data          0x00800100        0x0 c:/program files (x86)/atmel/atmel toolchain/avr8 gcc/native/3.4.1056/avr8-gnu-toolchain/bin/../lib/gcc/avr/4.8.1/../../../../avr/lib/avr51\libm.a(divsf3x.o)
 .data          0x00800100        0x0 c:/program files (x86)/atmel/atmel toolchain/avr8 gcc/native/3.4.1056/avr8-gnu-toolchain/bin/../lib/gcc/avr/4.8.1/../../../../avr/lib/avr51\libm.a(floatsisf.o)
 .data          0x00800100        0x0 c:/program files (x86)/atmel/atmel toolchain/avr8 gcc/native/3.4.1056/avr8-gnu-toolchain/bin/../lib/gcc/avr/4.8.1/../../../../avr/lib/avr51\libm.a(fp_inf.o)
 .data          0x00800100        0x0 c:/program files (x86)/atmel/atmel toolchain/avr8 gcc/native/3.4.1056/avr8-gnu-toolchain/bin/../lib/gcc/avr/4.8.1/../../../../avr/lib/avr51\libm.a(fp_nan.o)
 .data          0x00800100        0x0 c:/program files (x86)/atmel/atmel toolchain/avr8 gcc/native/3.4.1056/avr8-gnu-toolchain/bin/../lib/gcc/avr/4.8.1/../../../../avr/lib/avr51\libm.a(fp_pscA.o)
 .data          0x00800100        0x0 c:/program files (x86)/atmel/atmel toolchain/avr8 gcc/native/3.4.1056/avr8-gnu-toolchain/bin/../lib/gcc/avr/4.8.1/../../../../avr/lib/avr51\libm.a(fp_pscB.o)
 .data          0x00800100        0x0 c:/program files (x86)/atmel/atmel toolchain/avr8 gcc/native/3.4.1056/avr8-gnu-toolchain/bin/../lib/gcc/avr/4.8.1/../../../../avr/lib/avr51\libm.a(fp_round.o)
 .data          0x00800100        0x0 c:/program files (x86)/atmel/atmel toolchain/avr8 gcc/native/3.4.1056/avr8-gnu-toolchain/bin/../lib/gcc/avr/4.8.1/../../../../avr/lib/avr51\libm.a(fp_split3.o)
 .data          0x00800100        0x0 c:/program files (x86)/atmel/atmel toolchain/avr8 gcc/native/3.4.1056/avr8-gnu-toolchain/bin/../lib/gcc/avr/4.8.1/../../../../avr/lib/avr51\libm.a(fp_zero.o)
 .data          0x00800100        0x0 c:/program files (x86)/atmel/atmel toolchain/avr8 gcc/native/3.4.1056/avr8-gnu-toolchain/bin/../lib/gcc/avr/4.8.1/../../../../avr/lib/avr51\libc.a(atoi.o)
 .data          0x00800100        0x0 c:/program files (x86)/atmel/atmel toolchain/avr8 gcc/native/3.4.1056/avr8-gnu-toolchain/bin/../lib/gcc/avr/4.8.1/../../../../avr/lib/avr51\libc.a(ftoa_engine.o)
 .data          0x00800100        0x0 c:/program files (x86)/atmel/atmel toolchain/avr8 gcc/native/3.4.1056/avr8-gnu-toolchain/bin/../lib/gcc/avr/4.8.1/../../../../avr/lib/avr51\libc.a(strncmp_P.o)
 .data          0x00800100        0x0 c:/program files (x86)/atmel/atmel toolchain/avr8 gcc/native/3.4.1056/avr8-gnu-toolchain/bin/../lib/gcc/avr/4.8.1/../../../../avr/lib/avr51\libc.a(strnlen_P.o)
 .data          0x00800100        0x0 c:/program files (x86)/atmel/atmel toolchain/avr8 gcc/native/3.4.1056/avr8-gnu-toolchain/bin/../lib/gcc/avr/4.8.1/../../../../avr/lib/avr51\libc.a(strstr_P.o)
 .data          0x00800100        0x0 c:/program files (x86)/atmel/atmel toolchain/avr8 gcc/native/3.4.1056/avr8-gnu-toolchain/bin/../lib/gcc/avr/4.8.1/../../../../avr/lib/avr51\libc.a(memset.o)
 .data          0x00800100        0x0 c:/program files (x86)/atmel/atmel toolchain/avr8 gcc/native/3.4.1056/avr8-gnu-toolchain/bin/../lib/gcc/avr/4.8.1/../../../../avr/lib/avr51\libc.a(strchr.o)
 .data          0x00800100        0x0 c:/program files (x86)/atmel/atmel toolchain/avr8 gcc/native/3.4.1056/avr8-gnu-toolchain/bin/../lib/gcc/avr/4.8.1/../../../../avr/lib/avr51\libc.a(strcmp.o)
 .data          0x00800100        0x0 c:/program files (x86)/atmel/atmel toolchain/avr8 gcc/native/3.4.1056/avr8-gnu-toolchain/bin/../lib/gcc/avr/4.8.1/../../../../avr/lib/avr51\libc.a(strncmp.o)
 .data          0x00800100        0x0 c:/program files (x86)/atmel/atmel toolchain/avr8 gcc/native/3.4.1056/avr8-gnu-toolchain/bin/../lib/gcc/avr/4.8.1/../../../../avr/lib/avr51\libc.a(strncpy.o)
 .data          0x00800100        0x0 c:/program files (x86)/atmel/atmel toolchain/avr8 gcc/native/3.4.1056/avr8-gnu-toolchain/bin/../lib/gcc/avr/4.8.1/../../../../avr/lib/avr51\libc.a(strnlen.o)
 .data          0x00800100        0x0 c:/program files (x86)/atmel/atmel toolchain/avr8 gcc/native/3.4.1056/avr8-gnu-toolchain/bin/../lib/gcc/avr/4.8.1/../../../../avr/lib/avr51\libc.a(strstr.o)
 .data          0x00800100        0x0 c:/program files (x86)/atmel/atmel toolchain/avr8 gcc/native/3.4.1056/avr8-gnu-toolchain/bin/../lib/gcc/avr/4.8.1/../../../../avr/lib/avr51\libc.a(itoa.o)
 .data          0x00800100        0x0 c:/program files (x86)/atmel/atmel toolchain/avr8 gcc/native/3.4.1056/avr8-gnu-toolchain/bin/../lib/gcc/avr/4.8.1/../../../../avr/lib/avr51\libc.a(itoa_ncheck.o)
 .data          0x00800100        0x0 c:/program files (x86)/atmel/atmel toolchain/avr8 gcc/native/3.4.1056/avr8-gnu-toolchain/bin/../lib/gcc/avr/4.8.1/../../../../avr/lib/avr51\libc.a(mul10.o)
 .data          0x00800100        0x0 c:/program files (x86)/atmel/atmel toolchain/avr8 gcc/native/3.4.1056/avr8-gnu-toolchain/bin/../lib/gcc/avr/4.8.1/../../../../avr/lib/avr51\libc.a(utoa_ncheck.o)
 .data          0x00800100        0x0 c:/program files (x86)/atmel/atmel toolchain/avr8 gcc/native/3.4.1056/avr8-gnu-toolchain/bin/../lib/gcc/avr/4.8.1/../../../../avr/lib/avr51\libc.a(fputc.o)
 .data          0x00800100        0x0 c:/program files (x86)/atmel/atmel toolchain/avr8 gcc/native/3.4.1056/avr8-gnu-toolchain/bin/../lib/gcc/avr/4.8.1/../../../../avr/lib/avr51\libc.a(iob.o)
 .data          0x00800100        0x0 c:/program files (x86)/atmel/atmel toolchain/avr8 gcc/native/3.4.1056/avr8-gnu-toolchain/bin/../lib/gcc/avr/4.8.1/../../../../avr/lib/avr51\libc.a(printf.o)
 .data          0x00800100        0x0 c:/program files (x86)/atmel/atmel toolchain/avr8 gcc/native/3.4.1056/avr8-gnu-toolchain/bin/../lib/gcc/avr/4.8.1/../../../../avr/lib/avr51\libc.a(printf_p.o)
 .data          0x00800100        0x0 c:/program files (x86)/atmel/atmel toolchain/avr8 gcc/native/3.4.1056/avr8-gnu-toolchain/bin/../lib/gcc/avr/4.8.1/../../../../avr/lib/avr51\libc.a(puts.o)
 .data          0x00800100        0x0 c:/program files (x86)/atmel/atmel toolchain/avr8 gcc/native/3.4.1056/avr8-gnu-toolchain/bin/../lib/gcc/avr/4.8.1/../../../../avr/lib/avr51\libc.a(sprintf.o)
 .data          0x00800100        0x0 c:/program files (x86)/atmel/atmel toolchain/avr8 gcc/native/3.4.1056/avr8-gnu-toolchain/bin/../lib/gcc/avr/4.8.1/../../../../avr/lib/avr51\libc.a(sprintf_p.o)
 .data          0x00800100        0x0 c:/program files (x86)/atmel/atmel toolchain/avr8 gcc/native/3.4.1056/avr8-gnu-toolchain/bin/../lib/gcc/avr/4.8.1/../../../../avr/lib/avr51\libc.a(sscanf.o)
 .data          0x00800100        0x0 c:/program files (x86)/atmel/atmel toolchain/avr8 gcc/native/3.4.1056/avr8-gnu-toolchain/bin/../lib/gcc/avr/4.8.1/../../../../avr/lib/avr51\libc.a(ultoa_invert.o)
 .data          0x00800100        0x0 c:/program files (x86)/atmel/atmel toolchain/avr8 gcc/native/3.4.1056/avr8-gnu-toolchain/bin/../lib/gcc/avr/4.8.1/../../../../avr/lib/avr51\libc.a(vfscanf_std.o)
 .data          0x00800100        0x0 c:/program files (x86)/atmel/atmel toolchain/avr8 gcc/native/3.4.1056/avr8-gnu-toolchain/bin/../lib/gcc/avr/4.8.1/../../../../avr/lib/avr51\libc.a(eerd_byte_atmega1284p.o)
 .data          0x00800100        0x0 c:/program files (x86)/atmel/atmel toolchain/avr8 gcc/native/3.4.1056/avr8-gnu-toolchain/bin/../lib/gcc/avr/4.8.1/../../../../avr/lib/avr51\libc.a(eerd_word_atmega1284p.o)
 .data          0x00800100        0x0 c:/program files (x86)/atmel/atmel toolchain/avr8 gcc/native/3.4.1056/avr8-gnu-toolchain/bin/../lib/gcc/avr/4.8.1/../../../../avr/lib/avr51\libc.a(eewr_byte_atmega1284p.o)
 .data          0x00800100        0x0 c:/program files (x86)/atmel/atmel toolchain/avr8 gcc/native/3.4.1056/avr8-gnu-toolchain/bin/../lib/gcc/avr/4.8.1/../../../../avr/lib/avr51\libc.a(eewr_word_atmega1284p.o)
 .data          0x00800100        0x0 c:/program files (x86)/atmel/atmel toolchain/avr8 gcc/native/3.4.1056/avr8-gnu-toolchain/bin/../lib/gcc/avr/4.8.1/../../../../avr/lib/avr51\libc.a(isspace.o)
 .data          0x00800100        0x0 c:/program files (x86)/atmel/atmel toolchain/avr8 gcc/native/3.4.1056/avr8-gnu-toolchain/bin/../lib/gcc/avr/4.8.1/../../../../avr/lib/avr51\libc.a(strchr_P.o)
 .data          0x00800100        0x0 c:/program files (x86)/atmel/atmel toolchain/avr8 gcc/native/3.4.1056/avr8-gnu-toolchain/bin/../lib/gcc/avr/4.8.1/../../../../avr/lib/avr51\libc.a(strrev.o)
 .data          0x00800100        0x0 c:/program files (x86)/atmel/atmel toolchain/avr8 gcc/native/3.4.1056/avr8-gnu-toolchain/bin/../lib/gcc/avr/4.8.1/../../../../avr/lib/avr51\libc.a(fgetc.o)
 .data          0x00800100        0x0 c:/program files (x86)/atmel/atmel toolchain/avr8 gcc/native/3.4.1056/avr8-gnu-toolchain/bin/../lib/gcc/avr/4.8.1/../../../../avr/lib/avr51\libc.a(ungetc.o)
 .data          0x00800100        0x0 c:/program files (x86)/atmel/atmel toolchain/avr8 gcc/native/3.4.1056/avr8-gnu-toolchain/bin/../lib/gcc/avr/4.8.1/../../../../avr/lib/avr51\libc.a(eerd_block_atmega1284p.o)
 .data          0x00800100        0x0 c:/program files (x86)/atmel/atmel toolchain/avr8 gcc/native/3.4.1056/avr8-gnu-toolchain/bin/../lib/gcc/avr/4.8.1/../../../../avr/lib/avr51\libc.a(cty_isfalse.o)
 *(.data*)
 .data.seqnum   0x00800100        0x1 ip_arp_udp_tcp.o
 .data.delaycnt
                0x00800101        0x2 ip_arp_udp_tcp.o
 .data.tcpclient_src_port_l
                0x00800103        0x1 ip_arp_udp_tcp.o
 .data.wwwport_l
                0x00800104        0x1 ip_arp_udp_tcp.o
 .data.uart_str
                0x00800105        0xe test_web_client.o
                0x00800105                uart_str
 .data.dnsip    0x00800113        0x4 test_web_client.o
                0x00800113                dnsip
 .data.netmask  0x00800117        0x8 test_web_client.o
                0x00800117                netmask
 .data.myip     0x0080011f        0x4 test_web_client.o
                0x0080011f                myip
 .data.gwip     0x00800123        0x4 test_web_client.o
                0x00800123                gwip
 .data.mymac    0x00800127        0x6 test_web_client.o
 .data.tickS    0x0080012d        0x2 timer.o
                0x0080012d                tickS
 .data.lcd_current_screen
                0x0080012f        0x1 web.o
                0x0080012f                lcd_current_screen
 *(.rodata)
 *(.rodata*)
 .rodata.str1.1
                0x00800130       0x13 dht.o
 .rodata.str1.1
                0x00800143        0x4 ip_arp_udp_tcp.o
 .rodata.str1.1
                0x00800147       0x73 test_web_client.o
 .rodata.str1.1
                0x008001ba       0x4e ds18x20.o
 .rodata.str1.1
                0x00800208      0x33f web.o
 *(.gnu.linkonce.d*)
                0x00800548                . = ALIGN (0x2)
 *fill*         0x00800547        0x1 
                0x00800548                _edata = .
                0x00800548                PROVIDE (__data_end, .)

.bss            0x00800548     0x1dab
                0x00800548                PROVIDE (__bss_start, .)
 *(.bss)
 *(.bss*)
 .bss.gNextPacketPtr
                0x00800548        0x2 enc28j60.o
 .bss.Enc28j60Bank
                0x0080054a        0x1 enc28j60.o
 .bss.dns_ansError
                0x0080054b        0x1 dnslkup.o
 .bss.dns_answerip
                0x0080054c        0x4 dnslkup.o
 .bss.haveDNSanswer
                0x00800550        0x1 dnslkup.o
 .bss.dnstid_l  0x00800551        0x1 dnslkup.o
 .bss.info_data_len
                0x00800552        0x2 ip_arp_udp_tcp.o
 .bss.ipaddr    0x00800554        0x4 ip_arp_udp_tcp.o
 .bss.macaddr   0x00800558        0x6 ip_arp_udp_tcp.o
 .bss.waitgwmac
                0x0080055e        0x1 ip_arp_udp_tcp.o
 .bss.gwmacaddr
                0x0080055f        0x6 ip_arp_udp_tcp.o
 .bss.icmp_callback
                0x00800565        0x2 ip_arp_udp_tcp.o
 .bss.bufptr    0x00800567        0x2 ip_arp_udp_tcp.o
 .bss.client_hoststr
                0x00800569        0x2 ip_arp_udp_tcp.o
 .bss.client_urlbuf_var
                0x0080056b        0x2 ip_arp_udp_tcp.o
 .bss.client_urlbuf
                0x0080056d        0x2 ip_arp_udp_tcp.o
 .bss.client_postval
                0x0080056f        0x2 ip_arp_udp_tcp.o
 .bss.client_additionalheaderline
                0x00800571        0x2 ip_arp_udp_tcp.o
 .bss.client_browser_callback
                0x00800573        0x2 ip_arp_udp_tcp.o
 .bss.browsertype
                0x00800575        0x1 ip_arp_udp_tcp.o
 .bss.www_fd    0x00800576        0x1 ip_arp_udp_tcp.o
 .bss.client_tcp_datafill_callback
                0x00800577        0x2 ip_arp_udp_tcp.o
 .bss.client_tcp_result_callback
                0x00800579        0x2 ip_arp_udp_tcp.o
 .bss.tcp_client_port_l
                0x0080057b        0x1 ip_arp_udp_tcp.o
 .bss.tcp_client_port_h
                0x0080057c        0x1 ip_arp_udp_tcp.o
 .bss.tcp_client_state
                0x0080057d        0x1 ip_arp_udp_tcp.o
 .bss.tcpsrvip  0x0080057e        0x4 ip_arp_udp_tcp.o
 .bss.tcp_fd    0x00800582        0x1 ip_arp_udp_tcp.o
 .bss.wwwport_h
                0x00800583        0x1 ip_arp_udp_tcp.o
 .bss.DS18B20Conv
                0x00800584        0x1 test_web_client.o
                0x00800584                DS18B20Conv
 .bss.hasLcd    0x00800585        0x1 test_web_client.o
 .bss.timerRemoteIO
                0x00800586        0x2 test_web_client.o
 .bss.timer_ioalarm
                0x00800588        0x2 test_web_client.o
 .bss.timer_sendOWSensors
                0x0080058a        0x2 test_web_client.o
 .bss.timer_eeprom
                0x0080058c        0x2 test_web_client.o
 .bss.timer_lcd
                0x0080058e        0x2 test_web_client.o
 .bss.timerSimple
                0x00800590        0x2 test_web_client.o
 .bss.timerOW   0x00800592        0x2 test_web_client.o
 .bss.nextSensorPos
                0x00800594        0x1 ds18x20.o
 .bss.toValue   0x00800595        0x1 twi.o
 .bss.toCounter
                0x00800596        0x1 twi.o
 .bss.lcd_network_timer
                0x00800597        0x1 web.o
                0x00800597                lcd_network_timer
 .bss.lcd_current_timeleft
                0x00800598        0x1 web.o
                0x00800598                lcd_current_timeleft
 .bss.web_client_monitor
                0x00800599        0x1 web.o
                0x00800599                web_client_monitor
 .bss.web_client_sendok
                0x0080059a        0x4 web.o
 .bss.web_client_attempts
                0x0080059e        0x4 web.o
 .bss.start_web_client
                0x008005a2        0x1 web.o
                0x008005a2                start_web_client
 .bss.dns_state
                0x008005a3        0x1 web.o
 .bss.uptime    0x008005a4        0x4 web.o
                0x008005a4                uptime
 .bss.last_rio_event
                0x008005a8        0x4 web.o
                0x008005a8                last_rio_event
 *(COMMON)
 COMMON         0x008005ac     0x1426 ip_arp_udp_tcp.o
                0x008005ac                simpleSensorTypes
                0x00800610                sensorValues
                0x008008a4                simpleSensorDebounce
                0x00800908                sensorScan
                0x0080090a                tempbuf
                0x0080190a                simpleSensorValues
 COMMON         0x008019d2      0x6ae test_web_client.o
                0x008019d2                channel
                0x008019d3                systemID
                0x008019db                buf
                0x0080201c                printbuff
 COMMON         0x00802080        0x7 onewire.o
                0x00802080                OW_OUT
                0x00802082                OW_PIN_MASK
                0x00802083                OW_IN
                0x00802085                OW_DDR
 COMMON         0x00802087        0x6 timer.o
                0x00802087                timerCounter
                0x00802089                tick
                0x0080208b                seconds
 COMMON         0x0080208d      0x260 web.o
                0x0080208d                dnsTimer
                0x0080208f                timed_events
                0x008020ef                lcd_timeouts
                0x008020f5                lines
 COMMON         0x008022ed        0x6 c:/program files (x86)/atmel/atmel toolchain/avr8 gcc/native/3.4.1056/avr8-gnu-toolchain/bin/../lib/gcc/avr/4.8.1/../../../../avr/lib/avr51\libc.a(iob.o)
                0x008022ed                __iob
                0x008022f3                PROVIDE (__bss_end, .)
                0x0000869c                __data_load_start = LOADADDR (.data)
                0x00008ae4                __data_load_end = (__data_load_start + SIZEOF (.data))

.noinit         0x008022f3        0x0
                0x008022f3                PROVIDE (__noinit_start, .)
 *(.noinit*)
                0x008022f3                PROVIDE (__noinit_end, .)
                0x008022f3                _end = .
                0x008022f3                PROVIDE (__heap_start, .)

.eeprom         0x00810000        0x0
 *(.eeprom*)
                0x00810000                __eeprom_end = .

.fuse
 *(.fuse)
 *(.lfuse)
 *(.hfuse)
 *(.efuse)

.lock
 *(.lock*)

.signature
 *(.signature*)

.user_signatures
 *(.user_signatures*)

.stab
 *(.stab)

.stabstr
 *(.stabstr)

.stab.excl
 *(.stab.excl)

.stab.exclstr
 *(.stab.exclstr)

.stab.index
 *(.stab.index)

.stab.indexstr
 *(.stab.indexstr)

.comment        0x00000000       0x5c
 *(.comment)
 .comment       0x00000000       0x30 dht.o
                                 0x31 (size before relaxing)
 .comment       0x00000000       0x31 enc28j60.o
 .comment       0x00000000       0x31 websrv_help_functions.o
 .comment       0x00000000       0x31 dnslkup.o
 .comment       0x00000000       0x31 ip_arp_udp_tcp.o
 .comment       0x00000000       0x31 test_web_client.o
 .comment       0x00000000       0x31 usart.o
 .comment       0x00000000       0x31 crc8.o
 .comment       0x00000000       0x31 ds18x20.o
 .comment       0x00000000       0x31 eeprom.o
 .comment       0x00000000       0x31 onewire.o
 .comment       0x00000000       0x31 twi.o
 .comment       0x00000000       0x31 I2CEEPROM.o
 .comment       0x00000000       0x31 analog.o
 .comment       0x00000000       0x31 base64_dec.o
 .comment       0x00000000       0x31 timer.o
 .comment       0x00000000       0x31 web.o
 .comment       0x00000000       0x31 SPILCD.o
 .comment       0x00000000       0x31 dbg_putchar.o
 .comment       0x00000000       0x31 MCP23008.o
 .comment       0x00000030       0x2c c:/program files (x86)/atmel/atmel toolchain/avr8 gcc/native/3.4.1056/avr8-gnu-toolchain/bin/../lib/gcc/avr/4.8.1/../../../../avr/lib/avr51\libprintf_flt.a(vfprintf_flt.o)
                                 0x2d (size before relaxing)
 .comment       0x00000000       0x31 c:/program files (x86)/atmel/atmel toolchain/avr8 gcc/native/3.4.1056/avr8-gnu-toolchain/bin/../lib/gcc/avr/4.8.1/../../../../avr/lib/avr51\libc.a(fputc.o)
 .comment       0x00000000       0x31 c:/program files (x86)/atmel/atmel toolchain/avr8 gcc/native/3.4.1056/avr8-gnu-toolchain/bin/../lib/gcc/avr/4.8.1/../../../../avr/lib/avr51\libc.a(iob.o)
 .comment       0x00000000       0x31 c:/program files (x86)/atmel/atmel toolchain/avr8 gcc/native/3.4.1056/avr8-gnu-toolchain/bin/../lib/gcc/avr/4.8.1/../../../../avr/lib/avr51\libc.a(printf.o)
 .comment       0x00000000       0x31 c:/program files (x86)/atmel/atmel toolchain/avr8 gcc/native/3.4.1056/avr8-gnu-toolchain/bin/../lib/gcc/avr/4.8.1/../../../../avr/lib/avr51\libc.a(printf_p.o)
 .comment       0x00000000       0x31 c:/program files (x86)/atmel/atmel toolchain/avr8 gcc/native/3.4.1056/avr8-gnu-toolchain/bin/../lib/gcc/avr/4.8.1/../../../../avr/lib/avr51\libc.a(puts.o)
 .comment       0x00000000       0x31 c:/program files (x86)/atmel/atmel toolchain/avr8 gcc/native/3.4.1056/avr8-gnu-toolchain/bin/../lib/gcc/avr/4.8.1/../../../../avr/lib/avr51\libc.a(sprintf.o)
 .comment       0x00000000       0x31 c:/program files (x86)/atmel/atmel toolchain/avr8 gcc/native/3.4.1056/avr8-gnu-toolchain/bin/../lib/gcc/avr/4.8.1/../../../../avr/lib/avr51\libc.a(sprintf_p.o)
 .comment       0x00000000       0x31 c:/program files (x86)/atmel/atmel toolchain/avr8 gcc/native/3.4.1056/avr8-gnu-toolchain/bin/../lib/gcc/avr/4.8.1/../../../../avr/lib/avr51\libc.a(sscanf.o)
 .comment       0x00000000       0x2d c:/program files (x86)/atmel/atmel toolchain/avr8 gcc/native/3.4.1056/avr8-gnu-toolchain/bin/../lib/gcc/avr/4.8.1/../../../../avr/lib/avr51\libc.a(vfscanf_std.o)
 .comment       0x00000000       0x31 c:/program files (x86)/atmel/atmel toolchain/avr8 gcc/native/3.4.1056/avr8-gnu-toolchain/bin/../lib/gcc/avr/4.8.1/../../../../avr/lib/avr51\libc.a(fgetc.o)
 .comment       0x00000000       0x31 c:/program files (x86)/atmel/atmel toolchain/avr8 gcc/native/3.4.1056/avr8-gnu-toolchain/bin/../lib/gcc/avr/4.8.1/../../../../avr/lib/avr51\libc.a(ungetc.o)

.note.gnu.build-id
 *(.note.gnu.build-id)

.debug
 *(.debug)

.line
 *(.line)

.debug_srcinfo
 *(.debug_srcinfo)

.debug_sfnames
 *(.debug_sfnames)

.debug_aranges  0x00000000      0x6e0
 *(.debug_aranges)
 .debug_aranges
                0x00000000       0x20 dht.o
 .debug_aranges
                0x00000020       0x98 enc28j60.o
 .debug_aranges
                0x000000b8       0x40 websrv_help_functions.o
 .debug_aranges
                0x000000f8       0x40 dnslkup.o
 .debug_aranges
                0x00000138      0x150 ip_arp_udp_tcp.o
 .debug_aranges
                0x00000288       0x58 test_web_client.o
 .debug_aranges
                0x000002e0       0x28 usart.o
 .debug_aranges
                0x00000308       0x20 crc8.o
 .debug_aranges
                0x00000328       0x68 ds18x20.o
 .debug_aranges
                0x00000390       0x50 eeprom.o
 .debug_aranges
                0x000003e0       0x80 onewire.o
 .debug_aranges
                0x00000460       0x50 twi.o
 .debug_aranges
                0x000004b0       0x28 I2CEEPROM.o
 .debug_aranges
                0x000004d8       0x30 analog.o
 .debug_aranges
                0x00000508       0x28 base64_dec.o
 .debug_aranges
                0x00000530       0x38 timer.o
 .debug_aranges
                0x00000568       0xd8 web.o
 .debug_aranges
                0x00000640       0x48 SPILCD.o
 .debug_aranges
                0x00000688       0x28 dbg_putchar.o
 .debug_aranges
                0x000006b0       0x30 MCP23008.o

.debug_pubnames
 *(.debug_pubnames)

.debug_info     0x00000000     0xb473
 *(.debug_info .gnu.linkonce.wi.*)
 .debug_info    0x00000000      0x400 dht.o
 .debug_info    0x00000400      0xbcf enc28j60.o
 .debug_info    0x00000fcf      0x3a3 websrv_help_functions.o
 .debug_info    0x00001372      0x2b8 dnslkup.o
 .debug_info    0x0000162a     0x1ded ip_arp_udp_tcp.o
 .debug_info    0x00003417     0x1c3f test_web_client.o
 .debug_info    0x00005056      0x263 usart.o
 .debug_info    0x000052b9      0x106 crc8.o
 .debug_info    0x000053bf      0xcc0 ds18x20.o
 .debug_info    0x0000607f      0x468 eeprom.o
 .debug_info    0x000064e7      0x7f8 onewire.o
 .debug_info    0x00006cdf      0x3cc twi.o
 .debug_info    0x000070ab      0x2e4 I2CEEPROM.o
 .debug_info    0x0000738f      0x1f9 analog.o
 .debug_info    0x00007588      0x1e8 base64_dec.o
 .debug_info    0x00007770      0x262 timer.o
 .debug_info    0x000079d2     0x31e7 web.o
 .debug_info    0x0000abb9      0x47c SPILCD.o
 .debug_info    0x0000b035      0x105 dbg_putchar.o
 .debug_info    0x0000b13a      0x339 MCP23008.o

.debug_abbrev   0x00000000     0x26d7
 *(.debug_abbrev)
 .debug_abbrev  0x00000000      0x194 dht.o
 .debug_abbrev  0x00000194      0x20f enc28j60.o
 .debug_abbrev  0x000003a3      0x1af websrv_help_functions.o
 .debug_abbrev  0x00000552      0x169 dnslkup.o
 .debug_abbrev  0x000006bb      0x417 ip_arp_udp_tcp.o
 .debug_abbrev  0x00000ad2      0x431 test_web_client.o
 .debug_abbrev  0x00000f03      0x135 usart.o
 .debug_abbrev  0x00001038       0x8b crc8.o
 .debug_abbrev  0x000010c3      0x360 ds18x20.o
 .debug_abbrev  0x00001423      0x18b eeprom.o
 .debug_abbrev  0x000015ae      0x2d0 onewire.o
 .debug_abbrev  0x0000187e      0x1c8 twi.o
 .debug_abbrev  0x00001a46      0x118 I2CEEPROM.o
 .debug_abbrev  0x00001b5e      0x112 analog.o
 .debug_abbrev  0x00001c70      0x168 base64_dec.o
 .debug_abbrev  0x00001dd8      0x135 timer.o
 .debug_abbrev  0x00001f0d      0x443 web.o
 .debug_abbrev  0x00002350      0x16d SPILCD.o
 .debug_abbrev  0x000024bd       0xbb dbg_putchar.o
 .debug_abbrev  0x00002578      0x15f MCP23008.o

.debug_line     0x00000000     0x2d7a
 *(.debug_line .debug_line.* .debug_line_end)
 .debug_line    0x00000000      0x1ba dht.o
 .debug_line    0x000001ba      0x320 enc28j60.o
 .debug_line    0x000004da      0x186 websrv_help_functions.o
 .debug_line    0x00000660      0x152 dnslkup.o
 .debug_line    0x000007b2      0x61e ip_arp_udp_tcp.o
 .debug_line    0x00000dd0      0x4d9 test_web_client.o
 .debug_line    0x000012a9       0xd9 usart.o
 .debug_line    0x00001382       0xbe crc8.o
 .debug_line    0x00001440      0x344 ds18x20.o
 .debug_line    0x00001784      0x1b5 eeprom.o
 .debug_line    0x00001939      0x2da onewire.o
 .debug_line    0x00001c13      0x1d8 twi.o
 .debug_line    0x00001deb       0xf3 I2CEEPROM.o
 .debug_line    0x00001ede       0xfa analog.o
 .debug_line    0x00001fd8      0x118 base64_dec.o
 .debug_line    0x000020f0      0x119 timer.o
 .debug_line    0x00002209      0x7b5 web.o
 .debug_line    0x000029be      0x1e2 SPILCD.o
 .debug_line    0x00002ba0       0xd3 dbg_putchar.o
 .debug_line    0x00002c73      0x107 MCP23008.o

.debug_frame    0x00000000     0x1a98
 *(.debug_frame)
 .debug_frame   0x00000000       0x68 dht.o
 .debug_frame   0x00000068      0x1bc enc28j60.o
 .debug_frame   0x00000224      0x104 websrv_help_functions.o
 .debug_frame   0x00000328       0x84 dnslkup.o
 .debug_frame   0x000003ac      0x498 ip_arp_udp_tcp.o
 .debug_frame   0x00000844      0x180 test_web_client.o
 .debug_frame   0x000009c4       0x34 usart.o
 .debug_frame   0x000009f8       0x24 crc8.o
 .debug_frame   0x00000a1c      0x25c ds18x20.o
 .debug_frame   0x00000c78      0x110 eeprom.o
 .debug_frame   0x00000d88      0x17c onewire.o
 .debug_frame   0x00000f04       0xcc twi.o
 .debug_frame   0x00000fd0       0x54 I2CEEPROM.o
 .debug_frame   0x00001024       0x58 analog.o
 .debug_frame   0x0000107c       0x58 base64_dec.o
 .debug_frame   0x000010d4       0x9c timer.o
 .debug_frame   0x00001170      0x7d4 web.o
 .debug_frame   0x00001944       0x90 SPILCD.o
 .debug_frame   0x000019d4       0x40 dbg_putchar.o
 .debug_frame   0x00001a14       0x84 MCP23008.o

.debug_str      0x00000000     0x172d
 *(.debug_str)
 .debug_str     0x00000000      0x1cf dht.o
                                0x23f (size before relaxing)
 .debug_str     0x000001cf      0x174 enc28j60.o
                                0x2d5 (size before relaxing)
 .debug_str     0x00000343       0xa3 websrv_help_functions.o
                                0x204 (size before relaxing)
 .debug_str     0x000003e6      0x107 dnslkup.o
                                0x261 (size before relaxing)
 .debug_str     0x000004ed      0x69f ip_arp_udp_tcp.o
                                0x918 (size before relaxing)
 .debug_str     0x00000b8c      0x32e test_web_client.o
                                0x62f (size before relaxing)
 .debug_str     0x00000eba       0x2a usart.o
                                0x207 (size before relaxing)
 .debug_str     0x00000ee4       0x55 crc8.o
                                0x1a6 (size before relaxing)
 .debug_str     0x00000f39      0x1db ds18x20.o
                                0x49e (size before relaxing)
 .debug_str     0x00001114       0x75 eeprom.o
                                0x242 (size before relaxing)
 .debug_str     0x00001189       0x68 onewire.o
                                0x313 (size before relaxing)
 .debug_str     0x000011f1       0x5b twi.o
                                0x22a (size before relaxing)
 .debug_str     0x0000124c       0x35 I2CEEPROM.o
                                0x211 (size before relaxing)
 .debug_str     0x00001281       0x20 analog.o
                                0x1fe (size before relaxing)
 .debug_str     0x000012a1       0x60 base64_dec.o
                                0x1b1 (size before relaxing)
 .debug_str     0x00001301       0x3f timer.o
                                0x22a (size before relaxing)
 .debug_str     0x00001340      0x358 web.o
                                0x87b (size before relaxing)
 .debug_str     0x00001698       0x42 SPILCD.o
                                0x205 (size before relaxing)
 .debug_str     0x000016da       0x1b dbg_putchar.o
                                0x186 (size before relaxing)
 .debug_str     0x000016f5       0x38 MCP23008.o
                                0x219 (size before relaxing)

.debug_loc      0x00000000     0xa0df
 *(.debug_loc)
 .debug_loc     0x00000000      0x53f dht.o
 .debug_loc     0x0000053f      0x6da enc28j60.o
 .debug_loc     0x00000c19      0x80e websrv_help_functions.o
 .debug_loc     0x00001427      0x3c4 dnslkup.o
 .debug_loc     0x000017eb     0x259d ip_arp_udp_tcp.o
 .debug_loc     0x00003d88      0x879 test_web_client.o
 .debug_loc     0x00004601       0x4b usart.o
 .debug_loc     0x0000464c      0x12f crc8.o
 .debug_loc     0x0000477b      0xe70 ds18x20.o
 .debug_loc     0x000055eb      0x61a eeprom.o
 .debug_loc     0x00005c05      0x711 onewire.o
 .debug_loc     0x00006316      0x539 twi.o
 .debug_loc     0x0000684f      0x150 I2CEEPROM.o
 .debug_loc     0x0000699f      0x11d analog.o
 .debug_loc     0x00006abc      0x341 base64_dec.o
 .debug_loc     0x00006dfd      0x12e timer.o
 .debug_loc     0x00006f2b     0x2e05 web.o
 .debug_loc     0x00009d30      0x18b SPILCD.o
 .debug_loc     0x00009ebb       0xa8 dbg_putchar.o
 .debug_loc     0x00009f63      0x17c MCP23008.o

.debug_macinfo
 *(.debug_macinfo)

.debug_weaknames
 *(.debug_weaknames)

.debug_funcnames
 *(.debug_funcnames)

.debug_typenames
 *(.debug_typenames)

.debug_varnames
 *(.debug_varnames)

.debug_pubtypes
 *(.debug_pubtypes)

.debug_ranges   0x00000000      0x770
 *(.debug_ranges)
 .debug_ranges  0x00000000       0x28 dht.o
 .debug_ranges  0x00000028       0xa0 enc28j60.o
 .debug_ranges  0x000000c8       0x30 websrv_help_functions.o
 .debug_ranges  0x000000f8       0x30 dnslkup.o
 .debug_ranges  0x00000128      0x140 ip_arp_udp_tcp.o
 .debug_ranges  0x00000268       0xd8 test_web_client.o
 .debug_ranges  0x00000340       0x18 usart.o
 .debug_ranges  0x00000358       0x10 crc8.o
 .debug_ranges  0x00000368       0xa0 ds18x20.o
 .debug_ranges  0x00000408       0x40 eeprom.o
 .debug_ranges  0x00000448       0x70 onewire.o
 .debug_ranges  0x000004b8       0x40 twi.o
 .debug_ranges  0x000004f8       0x18 I2CEEPROM.o
 .debug_ranges  0x00000510       0x20 analog.o
 .debug_ranges  0x00000530       0x18 base64_dec.o
 .debug_ranges  0x00000548       0x28 timer.o
 .debug_ranges  0x00000570      0x190 web.o
 .debug_ranges  0x00000700       0x38 SPILCD.o
 .debug_ranges  0x00000738       0x18 dbg_putchar.o
 .debug_ranges  0x00000750       0x20 MCP23008.o

.debug_macro
 *(.debug_macro)
OUTPUT(Nyt.elf elf32-avr)
LOAD linker stubs
